src/apps/rent/dto/rent.dto.ts(15,58): error TS2307: Cannot find module 'src/common/enum/inflation-indices.enum' or its corresponding type declarations.
src/apps/rent/dto/rent.dto.ts(16,52): error TS2307: Cannot find module 'src/common/enum/payment-method.enum' or its corresponding type declarations.
src/apps/rent/dto/rent.dto.ts(17,44): error TS2307: Cannot find module 'src/common/decorator/is-required-if-pix.decorator' or its corresponding type declarations.
